// Jest Snapshot v1, https://goo.gl/fbAQLP

exports[`Pit Component matches the saved snapshot 1`] = `
<button
  className="pit disabled"
  disabled={true}
  onClick={[Function]}
>
  0
</button>
`;
