// Jest Snapshot v1, https://goo.gl/fbAQLP

exports[`Pit Component matches the saved snapshot 1`] = `
<div
  className="store disabled"
>
  0
</div>
`;
